[2026-09-24 13:19:51] local.ERROR: Class "Psy\SuperglobalsEnv" not found {"exception":"[object] (Error(code: 0): Class \"Psy\\SuperglobalsEnv\" not found at C:/Users/User/hotel-booking-v2/vendor/psy/psysh/src/ConfigPaths.php:38)
[stacktrace]
#0 C:/Users/User/hotel-booking-v2/vendor/psy/psysh/src/Configuration.php(206): Psy/ConfigPaths->__construct()
#1 C:/Users/User/hotel-booking-v2/vendor/psy/psysh/src/Configuration.php(280): Psy/Configuration->__construct()
#2 C:/Users/User/hotel-booking-v2/vendor/laravel/tinker/src/Console/TinkerCommand.php(48): Psy/Configuration::fromInput()
#3 C:/Users/User/hotel-booking-v2/vendor/laravel/framework/src/Illuminate/Container/BoundMethod.php(36): Laravel/Tinker/Console/TinkerCommand->handle()
#4 C:/Users/User/hotel-booking-v2/vendor/laravel/framework/src/Illuminate/Container/Util.php(41): Illuminate/Container/BoundMethod::{closure:Illuminate/Container/BoundMethod::call():35}()
#5 C:/Users/User/hotel-booking-v2/vendor/laravel/framework/src/Illuminate/Container/BoundMethod.php(93): Illuminate/Container/Util::unwrapIfClosure()
#6 C:/Users/User/hotel-booking-v2/vendor/laravel/framework/src/Illuminate/Container/BoundMethod.php(35): Illuminate/Container/BoundMethod::callBoundMethod()
#7 C:/Users/User/hotel-booking-v2/vendor/laravel/framework/src/Illuminate/Container/Container.php(662): Illuminate/Container/BoundMethod::call()
#8 C:/Users/User/hotel-booking-v2/vendor/laravel/framework/src/Illuminate/Console/Command.php(211): Illuminate/Container/Container->call()
#9 C:/Users/User/hotel-booking-v2/vendor/symfony/console/Command/Command.php(326): Illuminate/Console/Command->execute()
#10 C:/Users/User/hotel-booking-v2/vendor/laravel/framework/src/Illuminate/Console/Command.php(180): Symfony/Component/Console/Command/Command->run()
#11 C:/Users/User/hotel-booking-v2/vendor/symfony/console/Application.php(1121): Illuminate/Console/Command->run()
#12 C:/Users/User/hotel-booking-v2/vendor/symfony/console/Application.php(324): Symfony/Component/Console/Application->doRunCommand()
#13 C:/Users/User/hotel-booking-v2/vendor/symfony/console/Application.php(175): Symfony/Component/Console/Application->doRun()
#14 C:/Users/User/hotel-booking-v2/vendor/laravel/framework/src/Illuminate/Foundation/Console/Kernel.php(201): Symfony/Component/Console/Application->run()
#15 C:/Users/User/hotel-booking-v2/artisan(37): Illuminate/Foundation/Console/Kernel->handle()
#16 {main}
"} 
[2026-09-25 06:01:53] local.ERROR: Class "Psy\SuperglobalsEnv" not found {"exception":"[object] (Error(code: 0): Class \"Psy\\SuperglobalsEnv\" not found at C:/Users/User/hotel-booking-v2/vendor/psy/psysh/src/ConfigPaths.php:38)
[stacktrace]
#0 C:/Users/User/hotel-booking-v2/vendor/psy/psysh/src/Configuration.php(206): Psy/ConfigPaths->__construct()
#1 C:/Users/User/hotel-booking-v2/vendor/psy/psysh/src/Configuration.php(280): Psy/Configuration->__construct()
#2 C:/Users/User/hotel-booking-v2/vendor/laravel/tinker/src/Console/TinkerCommand.php(48): Psy/Configuration::fromInput()
#3 C:/Users/User/hotel-booking-v2/vendor/laravel/framework/src/Illuminate/Container/BoundMethod.php(36): Laravel/Tinker/Console/TinkerCommand->handle()
#4 C:/Users/User/hotel-booking-v2/vendor/laravel/framework/src/Illuminate/Container/Util.php(41): Illuminate/Container/BoundMethod::{closure:Illuminate/Container/BoundMethod::call():35}()
#5 C:/Users/User/hotel-booking-v2/vendor/laravel/framework/src/Illuminate/Container/BoundMethod.php(93): Illuminate/Container/Util::unwrapIfClosure()
#6 C:/Users/User/hotel-booking-v2/vendor/laravel/framework/src/Illuminate/Container/BoundMethod.php(35): Illuminate/Container/BoundMethod::callBoundMethod()
#7 C:/Users/User/hotel-booking-v2/vendor/laravel/framework/src/Illuminate/Container/Container.php(662): Illuminate/Container/BoundMethod::call()
#8 C:/Users/User/hotel-booking-v2/vendor/laravel/framework/src/Illuminate/Console/Command.php(211): Illuminate/Container/Container->call()
#9 C:/Users/User/hotel-booking-v2/vendor/symfony/console/Command/Command.php(326): Illuminate/Console/Command->execute()
#10 C:/Users/User/hotel-booking-v2/vendor/laravel/framework/src/Illuminate/Console/Command.php(180): Symfony/Component/Console/Command/Command->run()
#11 C:/Users/User/hotel-booking-v2/vendor/symfony/console/Application.php(1121): Illuminate/Console/Command->run()
#12 C:/Users/User/hotel-booking-v2/vendor/symfony/console/Application.php(324): Symfony/Component/Console/Application->doRunCommand()
#13 C:/Users/User/hotel-booking-v2/vendor/symfony/console/Application.php(175): Symfony/Component/Console/Application->doRun()
#14 C:/Users/User/hotel-booking-v2/vendor/laravel/framework/src/Illuminate/Foundation/Console/Kernel.php(201): Symfony/Component/Console/Application->run()
#15 C:/Users/User/hotel-booking-v2/artisan(37): Illuminate/Foundation/Console/Kernel->handle()
#16 {main}
"} 
[2026-09-25 06:02:33] local.ERROR: Class "Psy\SuperglobalsEnv" not found {"exception":"[object] (Error(code: 0): Class \"Psy\\SuperglobalsEnv\" not found at C:/Users/User/hotel-booking-v2/vendor/psy/psysh/src/ConfigPaths.php:38)
[stacktrace]
#0 C:/Users/User/hotel-booking-v2/vendor/psy/psysh/src/Configuration.php(206): Psy/ConfigPaths->__construct()
#1 C:/Users/User/hotel-booking-v2/vendor/psy/psysh/src/Configuration.php(280): Psy/Configuration->__construct()
#2 C:/Users/User/hotel-booking-v2/vendor/laravel/tinker/src/Console/TinkerCommand.php(48): Psy/Configuration::fromInput()
#3 C:/Users/User/hotel-booking-v2/vendor/laravel/framework/src/Illuminate/Container/BoundMethod.php(36): Laravel/Tinker/Console/TinkerCommand->handle()
#4 C:/Users/User/hotel-booking-v2/vendor/laravel/framework/src/Illuminate/Container/Util.php(41): Illuminate/Container/BoundMethod::{closure:Illuminate/Container/BoundMethod::call():35}()
#5 C:/Users/User/hotel-booking-v2/vendor/laravel/framework/src/Illuminate/Container/BoundMethod.php(93): Illuminate/Container/Util::unwrapIfClosure()
#6 C:/Users/User/hotel-booking-v2/vendor/laravel/framework/src/Illuminate/Container/BoundMethod.php(35): Illuminate/Container/BoundMethod::callBoundMethod()
#7 C:/Users/User/hotel-booking-v2/vendor/laravel/framework/src/Illuminate/Container/Container.php(662): Illuminate/Container/BoundMethod::call()
#8 C:/Users/User/hotel-booking-v2/vendor/laravel/framework/src/Illuminate/Console/Command.php(211): Illuminate/Container/Container->call()
#9 C:/Users/User/hotel-booking-v2/vendor/symfony/console/Command/Command.php(326): Illuminate/Console/Command->execute()
#10 C:/Users/User/hotel-booking-v2/vendor/laravel/framework/src/Illuminate/Console/Command.php(180): Symfony/Component/Console/Command/Command->run()
#11 C:/Users/User/hotel-booking-v2/vendor/symfony/console/Application.php(1121): Illuminate/Console/Command->run()
#12 C:/Users/User/hotel-booking-v2/vendor/symfony/console/Application.php(324): Symfony/Component/Console/Application->doRunCommand()
#13 C:/Users/User/hotel-booking-v2/vendor/symfony/console/Application.php(175): Symfony/Component/Console/Application->doRun()
#14 C:/Users/User/hotel-booking-v2/vendor/laravel/framework/src/Illuminate/Foundation/Console/Kernel.php(201): Symfony/Component/Console/Application->run()
#15 C:/Users/User/hotel-booking-v2/artisan(37): Illuminate/Foundation/Console/Kernel->handle()
#16 {main}
"} 
[2026-09-25 10:04:32] local.ERROR: Class "Psy\SuperglobalsEnv" not found {"exception":"[object] (Error(code: 0): Class \"Psy\\SuperglobalsEnv\" not found at C:/Users/User/hotel-booking-v2/vendor/psy/psysh/src/ConfigPaths.php:38)
[stacktrace]
#0 C:/Users/User/hotel-booking-v2/vendor/psy/psysh/src/Configuration.php(206): Psy/ConfigPaths->__construct()
#1 C:/Users/User/hotel-booking-v2/vendor/psy/psysh/src/Configuration.php(280): Psy/Configuration->__construct()
#2 C:/Users/User/hotel-booking-v2/vendor/laravel/tinker/src/Console/TinkerCommand.php(48): Psy/Configuration::fromInput()
#3 C:/Users/User/hotel-booking-v2/vendor/laravel/framework/src/Illuminate/Container/BoundMethod.php(36): Laravel/Tinker/Console/TinkerCommand->handle()
#4 C:/Users/User/hotel-booking-v2/vendor/laravel/framework/src/Illuminate/Container/Util.php(41): Illuminate/Container/BoundMethod::{closure:Illuminate/Container/BoundMethod::call():35}()
#5 C:/Users/User/hotel-booking-v2/vendor/laravel/framework/src/Illuminate/Container/BoundMethod.php(93): Illuminate/Container/Util::unwrapIfClosure()
#6 C:/Users/User/hotel-booking-v2/vendor/laravel/framework/src/Illuminate/Container/BoundMethod.php(35): Illuminate/Container/BoundMethod::callBoundMethod()
#7 C:/Users/User/hotel-booking-v2/vendor/laravel/framework/src/Illuminate/Container/Container.php(662): Illuminate/Container/BoundMethod::call()
#8 C:/Users/User/hotel-booking-v2/vendor/laravel/framework/src/Illuminate/Console/Command.php(211): Illuminate/Container/Container->call()
#9 C:/Users/User/hotel-booking-v2/vendor/symfony/console/Command/Command.php(326): Illuminate/Console/Command->execute()
#10 C:/Users/User/hotel-booking-v2/vendor/laravel/framework/src/Illuminate/Console/Command.php(180): Symfony/Component/Console/Command/Command->run()
#11 C:/Users/User/hotel-booking-v2/vendor/symfony/console/Application.php(1121): Illuminate/Console/Command->run()
#12 C:/Users/User/hotel-booking-v2/vendor/symfony/console/Application.php(324): Symfony/Component/Console/Application->doRunCommand()
#13 C:/Users/User/hotel-booking-v2/vendor/symfony/console/Application.php(175): Symfony/Component/Console/Application->doRun()
#14 C:/Users/User/hotel-booking-v2/vendor/laravel/framework/src/Illuminate/Foundation/Console/Kernel.php(201): Symfony/Component/Console/Application->run()
#15 C:/Users/User/hotel-booking-v2/artisan(37): Illuminate/Foundation/Console/Kernel->handle()
#16 {main}
"} 
[2026-09-26 06:43:27] local.ERROR: Class "Psy\SuperglobalsEnv" not found {"exception":"[object] (Error(code: 0): Class \"Psy\\SuperglobalsEnv\" not found at C:/Users/User/hotel-booking-v2/vendor/psy/psysh/src/ConfigPaths.php:38)
[stacktrace]
#0 C:/Users/User/hotel-booking-v2/vendor/psy/psysh/src/Configuration.php(206): Psy/ConfigPaths->__construct()
#1 C:/Users/User/hotel-booking-v2/vendor/psy/psysh/src/Configuration.php(280): Psy/Configuration->__construct()
#2 C:/Users/User/hotel-booking-v2/vendor/laravel/tinker/src/Console/TinkerCommand.php(48): Psy/Configuration::fromInput()
#3 C:/Users/User/hotel-booking-v2/vendor/laravel/framework/src/Illuminate/Container/BoundMethod.php(36): Laravel/Tinker/Console/TinkerCommand->handle()
#4 C:/Users/User/hotel-booking-v2/vendor/laravel/framework/src/Illuminate/Container/Util.php(41): Illuminate/Container/BoundMethod::{closure:Illuminate/Container/BoundMethod::call():35}()
#5 C:/Users/User/hotel-booking-v2/vendor/laravel/framework/src/Illuminate/Container/BoundMethod.php(93): Illuminate/Container/Util::unwrapIfClosure()
#6 C:/Users/User/hotel-booking-v2/vendor/laravel/framework/src/Illuminate/Container/BoundMethod.php(35): Illuminate/Container/BoundMethod::callBoundMethod()
#7 C:/Users/User/hotel-booking-v2/vendor/laravel/framework/src/Illuminate/Container/Container.php(662): Illuminate/Container/BoundMethod::call()
#8 C:/Users/User/hotel-booking-v2/vendor/laravel/framework/src/Illuminate/Console/Command.php(211): Illuminate/Container/Container->call()
#9 C:/Users/User/hotel-booking-v2/vendor/symfony/console/Command/Command.php(326): Illuminate/Console/Command->execute()
#10 C:/Users/User/hotel-booking-v2/vendor/laravel/framework/src/Illuminate/Console/Command.php(180): Symfony/Component/Console/Command/Command->run()
#11 C:/Users/User/hotel-booking-v2/vendor/symfony/console/Application.php(1121): Illuminate/Console/Command->run()
#12 C:/Users/User/hotel-booking-v2/vendor/symfony/console/Application.php(324): Symfony/Component/Console/Application->doRunCommand()
#13 C:/Users/User/hotel-booking-v2/vendor/symfony/console/Application.php(175): Symfony/Component/Console/Application->doRun()
#14 C:/Users/User/hotel-booking-v2/vendor/laravel/framework/src/Illuminate/Foundation/Console/Kernel.php(201): Symfony/Component/Console/Application->run()
#15 C:/Users/User/hotel-booking-v2/artisan(37): Illuminate/Foundation/Console/Kernel->handle()
#16 {main}
"} 
[2026-09-26 07:01:39] local.ERROR: The "--compact" option does not exist. {"exception":"[object] (Symfony\\Component\\Console\\Exception\\RuntimeException(code: 0): The \"--compact\" option does not exist. at C:/Users/User/hotel-booking-v2/vendor/symfony/console/Input/ArgvInput.php:222)
[stacktrace]
#0 C:/Users/User/hotel-booking-v2/vendor/symfony/console/Input/ArgvInput.php(151): Symfony/Component/Console/Input/ArgvInput->addLongOption()
#1 C:/Users/User/hotel-booking-v2/vendor/symfony/console/Input/ArgvInput.php(85): Symfony/Component/Console/Input/ArgvInput->parseLongOption()
#2 C:/Users/User/hotel-booking-v2/vendor/symfony/console/Input/ArgvInput.php(74): Symfony/Component/Console/Input/ArgvInput->parseToken()
#3 C:/Users/User/hotel-booking-v2/vendor/symfony/console/Input/Input.php(56): Symfony/Component/Console/Input/ArgvInput->parse()
#4 C:/Users/User/hotel-booking-v2/vendor/symfony/console/Command/Command.php(285): Symfony/Component/Console/Input/Input->bind()
#5 C:/Users/User/hotel-booking-v2/vendor/laravel/framework/src/Illuminate/Console/Command.php(180): Symfony/Component/Console/Command/Command->run()
#6 C:/Users/User/hotel-booking-v2/vendor/symfony/console/Application.php(1121): Illuminate/Console/Command->run()
#7 C:/Users/User/hotel-booking-v2/vendor/symfony/console/Application.php(324): Symfony/Component/Console/Application->doRunCommand()
#8 C:/Users/User/hotel-booking-v2/vendor/symfony/console/Application.php(175): Symfony/Component/Console/Application->doRun()
#9 C:/Users/User/hotel-booking-v2/vendor/laravel/framework/src/Illuminate/Foundation/Console/Kernel.php(201): Symfony/Component/Console/Application->run()
#10 C:/Users/User/hotel-booking-v2/artisan(37): Illuminate/Foundation/Console/Kernel->handle()
#11 {main}
"} 
